------------------
Some(input variable: '1' is not in the variables: ["name"])
------------------
------------------
"hello llmchain.rs"
------------------
