part=0, len=455, md5=0206f956cb2997be0343b44a10f9a871, path:https://github.com/datafuselabs/databend/pull/11450
