part=0, len=162, chunk_size=10, md5=dabab7450395d08e3b7f50e7424f93d0
------------------------------------------------------------
 Databend is an open-source Elastic and Workload-Aware modern cloud data warehouse focusing on Low-Cost and Low-Complexity for your massive-scale analytics needs.
part=1, len=261, chunk_size=10, md5=5a1b963a388059d4daaa4d575676ff86
------------------------------------------------------------
 Databend uses the latest techniques in vectorized query processing to allow you to do blazing-fast data analytics on object storage: (S3, Azure Blob, Google Cloud Storage, Alibaba Cloud OSS, Tencent Cloud COS, Huawei Cloud OBS, Cloudflare R2, Wasabi or MinIO).
